wandb: Currently logged in as: raquel-lopez-rios-de-castro (nextaids). Use `wandb login --relogin` to force relogin
wandb: wandb version 0.19.11 is available!  To upgrade, please run:
wandb:  $ pip install wandb --upgrade
wandb: Tracking run with wandb version 0.13.9
wandb: Run data is saved locally in /data1/choderaj/lopezrr/kinodata-3D-affinity-prediction/kinodata/training/wandb/run-20250520_151520-trl93fx3
wandb: Run `wandb offline` to turn off syncing.
wandb: Syncing run x2_pose_logits_normalised_act_soft_kfold1_cleanscript_test
wandb: ⭐️ View project at https://wandb.ai/nextaids/kinodata-3d_rmsd10
wandb: 🚀 View run at https://wandb.ai/nextaids/kinodata-3d_rmsd10/runs/trl93fx3
[rank: 0] Seed set to 41
/home/lopezrr/miniforge3/envs/kinodata_backup/lib/python3.10/site-packages/pytorch_lightning/loggers/wandb.py:389: There is a wandb run already in progress and newly created instances of `WandbLogger` will reuse this run. If this is not desired, call `wandb.finish()` before instantiating `WandbLogger`.
wandb: logging graph, to disable use `wandb.watch(log_graph=False)`
GPU available: True (cuda), used: True
TPU available: False, using: 0 TPU cores
IPU available: False, using: 0 IPUs
HPU available: False, using: 0 HPUs
You are using a CUDA device ('NVIDIA A100 80GB PCIe') that has Tensor Cores. To properly utilize them, you should set `torch.set_float32_matmul_precision('medium' | 'high')` which will trade-off precision for performance. For more details, read https://pytorch.org/docs/stable/generated/torch.set_float32_matmul_precision.html#torch.set_float32_matmul_precision
LOCAL_RANK: 0 - CUDA_VISIBLE_DEVICES: [0]

  | Name                 | Type                 | Params
--------------------------------------------------------------
0 | act                  | SiLU                 | 0     
1 | interaction_module   | CombinedInteractions | 68.1 K
2 | atomic_num_embedding | Embedding            | 25.6 K
3 | lin_atom_features    | Linear               | 3.3 K 
4 | attention_blocks     | ModuleList           | 1.8 M 
5 | aggr                 | SoftmaxAggregation   | 256   
6 | out                  | Sequential           | 67.1 K
--------------------------------------------------------------
1.9 M     Trainable params
513       Non-trainable params
1.9 M     Total params
7.791     Total estimated model params size (MB)
SLURM auto-requeueing enabled. Setting signal handlers.
/home/lopezrr/miniforge3/envs/kinodata_backup/lib/python3.10/site-packages/pytorch_lightning/trainer/connectors/logger_connector/result.py:212: You called `self.log('train/pose_loss', ...)` in your `training_step` but the value needs to be floating to be reduced. Converting it to torch.float32. You can silence this warning by converting the value to floating point yourself. If you don't intend to reduce the value (for instance when logging the global step or epoch) then you can use `self.logger.log_metrics({'train/pose_loss': ...})` instead.
slurmstepd: error: *** JOB 7167904 ON iscb027 CANCELLED AT 2025-05-20T15:35:13 DUE TO TIME LIMIT ***
