Sender: LSF System <lsfadmin@ly08>
Subject: Job 10279786: <model_run> in cluster <lila> Exited

Job <model_run> was submitted from host <lilac-ln02> by user <lopezrir> in cluster <lila> at Wed Oct 30 10:27:59 2024
Job was executed on host(s) <ly08>, in queue <gpuqueue>, as user <lopezrir> in cluster <lila> at Wed Oct 30 10:28:03 2024
</home/lopezrir> was used as the home directory.
</data/chodera/lopezrir/kinodata-3D-affinity-prediction/kinodata/training> was used as the working directory.
Started at Wed Oct 30 10:28:03 2024
Terminated at Wed Oct 30 10:31:28 2024
Results reported at Wed Oct 30 10:31:28 2024

Your job looked like:

------------------------------------------------------------
# LSBATCH: User input
#!/bin/bash
#BSUB -P "create-data_KINODATA"
#BSUB -J "model_run"
#BSUB -R span[hosts=1]
#BSUB -oo /data/chodera/lopezrir/kinodata-3D-affinity-prediction/kinodata/training/gradients_combined_output_23_check_cross_entropyi_short_run.out
#BSUB -cwd /data/chodera/lopezrir/kinodata-3D-affinity-prediction/kinodata/training 
#BSUB -n 1
#BSUB -R rusage[mem=120]
#BSUB -q gpuqueue
#BSUB -gpu "num=1:gmem=24G"
#BSUB -W 3:00
# Load your bash profile to ensure conda is initialized
source ~/.bashrc

conda activate kinodata_gpu_lilac

python3 train.py

------------------------------------------------------------

Exited with exit code 1.

Resource usage summary:

    CPU time :                                   154.00 sec.
    Max Memory :                                 75 GB
    Average Memory :                             23.95 GB
    Total Requested Memory :                     120.00 GB
    Delta Memory :                               45.00 GB
    Max Swap :                                   -
    Max Processes :                              8
    Max Threads :                                122
    Run time :                                   207 sec.
    Turnaround time :                            209 sec.

The output (if any) follows:

wandb: Currently logged in as: raquel-lopez-rios-de-castro (nextaids). Use `wandb login --relogin` to force relogin
wandb: wandb version 0.18.5 is available!  To upgrade, please run:
wandb:  $ pip install wandb --upgrade
wandb: Tracking run with wandb version 0.13.9
wandb: Run data is saved locally in /lila/data/chodera/lopezrir/kinodata-3D-affinity-prediction/kinodata/training/wandb/run-20241030_102915-qbxw8x7z
wandb: Run `wandb offline` to turn off syncing.
wandb: Syncing run short_run_rmsd10_sigmoid_1.5_2_check_cros_entropy
wandb: ⭐️ View project at https://wandb.ai/nextaids/kinodata_extended
wandb: 🚀 View run at https://wandb.ai/nextaids/kinodata_extended/runs/qbxw8x7z
/home/lopezrir/miniconda3/envs/kinodata_gpu_lilac/lib/python3.10/site-packages/pytorch_lightning/loggers/wandb.py:396: UserWarning: There is a wandb run already in progress and newly created instances of `WandbLogger` will reuse this run. If this is not desired, call `wandb.finish()` before instantiating `WandbLogger`.
  rank_zero_warn(
Auto select gpus: [0]
GPU available: True (cuda), used: True
TPU available: False, using: 0 TPU cores
IPU available: False, using: 0 IPUs
HPU available: False, using: 0 HPUs
LOCAL_RANK: 0 - CUDA_VISIBLE_DEVICES: [0]

  | Name                 | Type                 | Params
--------------------------------------------------------------
0 | act                  | SiLU                 | 0     
1 | interaction_module   | CombinedInteractions | 68.1 K
2 | atomic_num_embedding | Embedding            | 25.6 K
3 | lin_atom_features    | Linear               | 3.3 K 
4 | attention_blocks     | ModuleList           | 1.8 M 
5 | aggr                 | SoftmaxAggregation   | 256   
6 | out                  | Sequential           | 67.1 K
--------------------------------------------------------------
1.9 M     Trainable params
513       Non-trainable params
1.9 M     Total params
7.791     Total estimated model params size (MB)
/lila/data/chodera/lopezrir/kinodata-3D-affinity-prediction/data/processed/kinodata/kinodata_docked_v2.pt
/lila/data/chodera/lopezrir/kinodata-3D-affinity-prediction/data
['kinodata_docked_v2.pt']
/lila/data/chodera/lopezrir/kinodata-3D-affinity-prediction/data/processed/kinodata/filter_predicted_rmsd_le10.00/kinodata_docked_v2.pt
/lila/data/chodera/lopezrir/kinodata-3D-affinity-prediction/data
['kinodata_docked_v2.pt']
Creating data module for kinodataset:
    split:Split[int](train=95536, val=11942, test=11943, source=/lila/data/chodera/lopezrir/kinodata-3D-affinity-prediction/data/processed/kinodata/filter_predicted_rmsd_le10.00/scaffold-k-fold/1:5.csv)
    train_transform:Compose([
  TransformToComplexGraph()
])
    val_transform:Compose([
  TransformToComplexGraph()
])
/lila/data/chodera/lopezrir/kinodata-3D-affinity-prediction/data/processed/kinodata/filter_predicted_rmsd_le10.00/kinodata_docked_v2.pt
/lila/data/chodera/lopezrir/kinodata-3D-affinity-prediction/data
['kinodata_docked_v2.pt']
/lila/data/chodera/lopezrir/kinodata-3D-affinity-prediction/data/processed/kinodata/filter_predicted_rmsd_le10.00/kinodata_docked_v2.pt
/lila/data/chodera/lopezrir/kinodata-3D-affinity-prediction/data
['kinodata_docked_v2.pt']
/lila/data/chodera/lopezrir/kinodata-3D-affinity-prediction/data/processed/kinodata/filter_predicted_rmsd_le10.00/kinodata_docked_v2.pt
/lila/data/chodera/lopezrir/kinodata-3D-affinity-prediction/data
['kinodata_docked_v2.pt']
Creating data module for davidsdockeddataset:
    split:Split[int](train=28308, val=4390, test=4391, source=/lila/data/chodera/lopezrir/kinodata-3D-affinity-prediction/data/processed/davidsdocked/filter_predicted_rmsd_le10.00/scaffold-k-fold/1:5.csv)
    train_transform:Compose([
  TransformToComplexGraph()
])
    val_transform:Compose([
  TransformToComplexGraph()
])
the length of the data set is
<class 'kinodata.data.dataset_davids_data.Filtered_david.<locals>.FilteredDataset'>
Train size for dataset 1: 95536
Validation size for dataset 1: 11942
Test size for dataset 1: 11943
Train size for dataset 2: 28308
Validation size for dataset 2: 4390
Test size for dataset 2: 4391
Config(interaction_radius=5.0, residue_interaction_radius=12.0, node_types=['complex'], edge_types=[('ligand', 'intraacts', 'ligand'), ('ligand', 'interacts', 'pocket'), ('pocket', 'interacts', 'ligand')], seed=420, use_bonds=True, data_split=None, need_distances=False, num_residue_features=6, additional_atom_features=False, remove_hydrogen=True, filter_rmsd_max_value=2.0, split_type=pocket-k-fold, split_index=0, k_fold=5, perturb_ligand_positions=0.0, perturb_pocket_positions=0.0, perturb_complex_positions=0.1, add_docking_scores=False, optim=adam, lr=0.0003, weight_decay=0.001, dropout=0.0, batch_size=32, accumulate_grad_batches=4, epochs=300, num_workers=32, accelerator=gpu, loss_type=mse, lr_factor=0.9, lr_patience=8, early_stopping_patience=24, min_lr=1e-06, clip_grad_value=None, dry_run=False, max_num_neighbors=16, hidden_channels=256, num_attention_blocks=3, num_heads=8, act=silu, edge_attr_size=4, ln1=True, ln2=True, ln3=True, graph_norm=False, interaction_modes=['covalent', 'structural'])
|===========================================================================|
|                  PyTorch CUDA memory summary, device ID 0                 |
|---------------------------------------------------------------------------|
|            CUDA OOMs: 0            |        cudaMalloc retries: 0         |
|===========================================================================|
|        Metric         | Cur Usage  | Peak Usage | Tot Alloc  | Tot Freed  |
|---------------------------------------------------------------------------|
| Allocated memory      |       0 B  |       0 B  |       0 B  |       0 B  |
|       from large pool |       0 B  |       0 B  |       0 B  |       0 B  |
|       from small pool |       0 B  |       0 B  |       0 B  |       0 B  |
|---------------------------------------------------------------------------|
| Active memory         |       0 B  |       0 B  |       0 B  |       0 B  |
|       from large pool |       0 B  |       0 B  |       0 B  |       0 B  |
|       from small pool |       0 B  |       0 B  |       0 B  |       0 B  |
|---------------------------------------------------------------------------|
| GPU reserved memory   |       0 B  |       0 B  |       0 B  |       0 B  |
|       from large pool |       0 B  |       0 B  |       0 B  |       0 B  |
|       from small pool |       0 B  |       0 B  |       0 B  |       0 B  |
|---------------------------------------------------------------------------|
| Non-releasable memory |       0 B  |       0 B  |       0 B  |       0 B  |
|       from large pool |       0 B  |       0 B  |       0 B  |       0 B  |
|       from small pool |       0 B  |       0 B  |       0 B  |       0 B  |
|---------------------------------------------------------------------------|
| Allocations           |       0    |       0    |       0    |       0    |
|       from large pool |       0    |       0    |       0    |       0    |
|       from small pool |       0    |       0    |       0    |       0    |
|---------------------------------------------------------------------------|
| Active allocs         |       0    |       0    |       0    |       0    |
|       from large pool |       0    |       0    |       0    |       0    |
|       from small pool |       0    |       0    |       0    |       0    |
|---------------------------------------------------------------------------|
| GPU reserved segments |       0    |       0    |       0    |       0    |
|       from large pool |       0    |       0    |       0    |       0    |
|       from small pool |       0    |       0    |       0    |       0    |
|---------------------------------------------------------------------------|
| Non-releasable allocs |       0    |       0    |       0    |       0    |
|       from large pool |       0    |       0    |       0    |       0    |
|       from small pool |       0    |       0    |       0    |       0    |
|---------------------------------------------------------------------------|
| Oversize allocations  |       0    |       0    |       0    |       0    |
|---------------------------------------------------------------------------|
| Oversize GPU segments |       0    |       0    |       0    |       0    |
|===========================================================================|

<kinodata.data.data_module.CombinedDataModule object at 0x2b151701ac80>
Number of batches in the current epoch: 885
Training dataset size: 28308
Number of batches per epoch: 885
Dataset 1 training (Activity) size: 95536
Dataset 2 training (Pose) size: 28308
Dataset 1 val (Activity) size: 11942
Dataset 2 val (Pose) size: 4390
Dataset 1 test (Activity) size: 11943
Dataset 2 test (Pose) size: 4391
Sanity Checking: 0it [00:00, ?it/s]/home/lopezrir/miniconda3/envs/kinodata_gpu_lilac/lib/python3.10/site-packages/pytorch_lightning/trainer/connectors/data_connector.py:224: PossibleUserWarning: The dataloader, val_dataloader 0, does not have many workers which may be a bottleneck. Consider increasing the value of the `num_workers` argument` (try 80 which is the number of cpus on this machine) in the `DataLoader` init to improve performance.
  rank_zero_warn(
Sanity Checking:   0%|          | 0/2 [00:00<?, ?it/s]Sanity Checking DataLoader 0:   0%|          | 0/2 [00:00<?, ?it/s]checking activity validation
target_activity
tensor([7.6778, 6.8962, 5.4881, 7.6990, 7.7447, 8.5686, 7.5452, 7.2076, 6.6990,
        6.0000, 8.0000, 9.5229, 5.7033, 7.5686, 7.3979, 7.1325, 7.2636, 7.2111,
        8.3979, 6.7555, 8.5376, 8.8210, 8.5501, 8.0506, 7.0177, 8.0706, 6.1487,
        6.8400, 7.5528, 6.7212, 7.7799, 8.0757], device='cuda:0')
pred activity is
tensor([0.1741, 0.1686, 0.1769, 0.1897, 0.1875, 0.1920, 0.1874, 0.1742, 0.1652,
        0.1645, 0.1806, 0.1879, 0.1833, 0.1847, 0.1977, 0.1697, 0.1837, 0.1791,
        0.1884, 0.1831, 0.1738, 0.1781, 0.1769, 0.1712, 0.1912, 0.1830, 0.1802,
        0.1714, 0.1831, 0.1827, 0.1764, 0.1916], device='cuda:0')
activity_mae is
tensor(7.2771, device='cuda:0')
checking pose validation
rmsd_normal
tensor([8.7178, 2.1213, 1.4244, 0.2250, 1.5504, 2.6894, 0.7857, 0.5215, 0.2063,
        2.0806, 0.8284, 0.4990, 0.3022, 0.5292, 8.2565, 9.0621, 8.5332, 4.6783,
        0.7697, 7.7440, 0.2287, 0.3387, 1.7854, 2.1555, 0.3228, 0.4321, 0.6409,
        2.4635, 0.3728, 2.0949, 0.9417, 3.0437], device='cuda:0')
pred_pose is
tensor([0.9614, 0.9611, 0.9614, 0.9611, 0.9614, 0.9614, 0.9617, 0.9612, 0.9614,
        0.9615, 0.9614, 0.9582, 0.9618, 0.9608, 0.9613, 0.9619, 0.9614, 0.9607,
        0.9616, 0.9613, 0.9614, 0.9611, 0.9617, 0.9616, 0.9614, 0.9613, 0.9611,
        0.9616, 0.9608, 0.9617, 0.9609, 0.9613], device='cuda:0')
target_rmsd is
tensor([4.2045e-05, 4.5465e-01, 7.0336e-01, 9.3478e-01, 6.6250e-01, 2.6228e-01,
        8.6074e-01, 9.0183e-01, 9.3647e-01, 4.6983e-01, 8.5288e-01, 9.0478e-01,
        9.2735e-01, 9.0081e-01, 8.3991e-05, 2.5087e-05, 5.5462e-05, 1.7681e-02,
        8.6359e-01, 1.8116e-04, 9.3444e-01, 9.2357e-01, 5.7978e-01, 4.4196e-01,
        9.2524e-01, 9.1308e-01, 8.8479e-01, 3.3288e-01, 9.1989e-01, 4.6446e-01,
        8.3025e-01, 1.7286e-01], device='cuda:0')
Sanity Checking DataLoader 0:  50%|█████     | 1/2 [00:01<00:01,  1.09s/it]checking activity validation
target_activity
tensor([8.6990, 6.3143, 8.0969, 7.7212, 7.6383, 5.6055, 6.6198, 8.8239, 7.4061,
        8.0000, 4.0458, 6.7755, 5.4219, 8.0000, 4.8861, 7.8210, 5.8239, 5.6383,
        6.9586, 6.0711, 5.8508, 9.5528, 8.0458, 6.9914, 7.7001, 7.2007, 4.4089,
        5.2007, 8.1871, 6.5700, 6.4962, 3.6421], device='cuda:0')
pred activity is
tensor([0.1714, 0.1707, 0.1911, 0.1773, 0.1737, 0.1726, 0.1856, 0.1801, 0.1850,
        0.1854, 0.1790, 0.1771, 0.1703, 0.1740, 0.1889, 0.1817, 0.1870, 0.1912,
        0.1868, 0.1908, 0.1713, 0.1934, 0.1988, 0.1821, 0.1776, 0.1817, 0.1809,
        0.1884, 0.1796, 0.1710, 0.1920, 0.1768], device='cuda:0')
activity_mae is
tensor(6.5750, device='cuda:0')
checking pose validation
rmsd_normal
tensor([0.7884, 0.2003, 8.7615, 9.7993, 1.6082, 4.5180, 1.2090, 1.7234, 9.8388,
        1.4019, 9.2398, 2.5401, 1.3871, 1.9389, 8.2467, 0.7324, 1.8381, 0.1900,
        1.6155, 0.4323, 4.6423, 0.8623, 0.3147, 0.2110, 0.6064, 0.1819, 2.4227,
        8.7926, 1.2512, 8.8168, 0.3828, 3.9762], device='cuda:0')
pred_pose is
tensor([0.9614, 0.9614, 0.9613, 0.9615, 0.9607, 0.9611, 0.9614, 0.9611, 0.9614,
        0.9606, 0.9612, 0.9614, 0.9610, 0.9617, 0.9613, 0.9614, 0.9611, 0.9614,
        0.9616, 0.9611, 0.9618, 0.9609, 0.9614, 0.9614, 0.9616, 0.9614, 0.9613,
        0.9613, 0.9615, 0.9612, 0.9614, 0.9614], device='cuda:0')
target_rmsd is
tensor([8.6025e-01, 9.3700e-01, 3.9381e-05, 8.3028e-06, 6.4284e-01, 2.2380e-02,
        7.6610e-01, 6.0226e-01, 7.8243e-06, 7.1036e-01, 1.9217e-05, 3.0785e-01,
        7.1489e-01, 5.2289e-01, 8.5226e-05, 8.7005e-01, 5.6040e-01, 9.3790e-01,
        6.4032e-01, 9.1306e-01, 1.8643e-02, 8.4639e-01, 9.2608e-01, 9.3605e-01,
        8.8996e-01, 9.3861e-01, 3.4659e-01, 3.7586e-05, 7.5457e-01, 3.6244e-05,
        9.1877e-01, 4.9063e-02], device='cuda:0')
Sanity Checking DataLoader 0: 100%|██████████| 2/2 [00:01<00:00,  1.31it/s]printing outputs
pred is
tensor([0.1741, 0.1686, 0.1769, 0.1897, 0.1875, 0.1920, 0.1874, 0.1742, 0.1652,
        0.1645, 0.1806, 0.1879, 0.1833, 0.1847, 0.1977, 0.1697, 0.1837, 0.1791,
        0.1884, 0.1831, 0.1738, 0.1781, 0.1769, 0.1712, 0.1912, 0.1830, 0.1802,
        0.1714, 0.1831, 0.1827, 0.1764, 0.1916, 0.9614, 0.9611, 0.9614, 0.9611,
        0.9614, 0.9614, 0.9617, 0.9612, 0.9614, 0.9615, 0.9614, 0.9582, 0.9618,
        0.9608, 0.9613, 0.9619, 0.9614, 0.9607, 0.9616, 0.9613, 0.9614, 0.9611,
        0.9617, 0.9616, 0.9614, 0.9613, 0.9611, 0.9616, 0.9608, 0.9617, 0.9609,
        0.9613, 0.1714, 0.1707, 0.1911, 0.1773, 0.1737, 0.1726, 0.1856, 0.1801,
        0.1850, 0.1854, 0.1790, 0.1771, 0.1703, 0.1740, 0.1889, 0.1817, 0.1870,
        0.1912, 0.1868, 0.1908, 0.1713, 0.1934, 0.1988, 0.1821, 0.1776, 0.1817,
        0.1809, 0.1884, 0.1796, 0.1710, 0.1920, 0.1768, 0.9614, 0.9614, 0.9613,
        0.9615, 0.9607, 0.9611, 0.9614, 0.9611, 0.9614, 0.9606, 0.9612, 0.9614,
        0.9610, 0.9617, 0.9613, 0.9614, 0.9611, 0.9614, 0.9616, 0.9611, 0.9618,
        0.9609, 0.9614, 0.9614, 0.9616, 0.9614, 0.9613, 0.9613, 0.9615, 0.9612,
        0.9614, 0.9614], device='cuda:0')
target is 
tensor([7.6778e+00, 6.8962e+00, 5.4881e+00, 7.6990e+00, 7.7447e+00, 8.5686e+00,
        7.5452e+00, 7.2076e+00, 6.6990e+00, 6.0000e+00, 8.0000e+00, 9.5229e+00,
        5.7033e+00, 7.5686e+00, 7.3979e+00, 7.1325e+00, 7.2636e+00, 7.2111e+00,
        8.3979e+00, 6.7555e+00, 8.5376e+00, 8.8210e+00, 8.5501e+00, 8.0506e+00,
        7.0177e+00, 8.0706e+00, 6.1487e+00, 6.8400e+00, 7.5528e+00, 6.7212e+00,
        7.7799e+00, 8.0757e+00, 4.2045e-05, 4.5465e-01, 7.0336e-01, 9.3478e-01,
        6.6250e-01, 2.6228e-01, 8.6074e-01, 9.0183e-01, 9.3647e-01, 4.6983e-01,
        8.5288e-01, 9.0478e-01, 9.2735e-01, 9.0081e-01, 8.3991e-05, 2.5087e-05,
        5.5462e-05, 1.7681e-02, 8.6359e-01, 1.8116e-04, 9.3444e-01, 9.2357e-01,
        5.7978e-01, 4.4196e-01, 9.2524e-01, 9.1308e-01, 8.8479e-01, 3.3288e-01,
        9.1989e-01, 4.6446e-01, 8.3025e-01, 1.7286e-01, 8.6990e+00, 6.3143e+00,
        8.0969e+00, 7.7212e+00, 7.6383e+00, 5.6055e+00, 6.6198e+00, 8.8239e+00,
        7.4061e+00, 8.0000e+00, 4.0458e+00, 6.7755e+00, 5.4219e+00, 8.0000e+00,
        4.8861e+00, 7.8210e+00, 5.8239e+00, 5.6383e+00, 6.9586e+00, 6.0711e+00,
        5.8508e+00, 9.5528e+00, 8.0458e+00, 6.9914e+00, 7.7001e+00, 7.2007e+00,
        4.4089e+00, 5.2007e+00, 8.1871e+00, 6.5700e+00, 6.4962e+00, 3.6421e+00,
        8.6025e-01, 9.3700e-01, 3.9381e-05, 8.3028e-06, 6.4284e-01, 2.2380e-02,
        7.6610e-01, 6.0226e-01, 7.8243e-06, 7.1036e-01, 1.9217e-05, 3.0785e-01,
        7.1489e-01, 5.2289e-01, 8.5226e-05, 8.7005e-01, 5.6040e-01, 9.3790e-01,
        6.4032e-01, 9.1306e-01, 1.8643e-02, 8.4639e-01, 9.2608e-01, 9.3605e-01,
        8.8996e-01, 9.3861e-01, 3.4659e-01, 3.7586e-05, 7.5457e-01, 3.6244e-05,
        9.1877e-01, 4.9063e-02], device='cuda:0')
corr is
tensor(-0.9551, device='cuda:0')
                                                                           /home/lopezrir/miniconda3/envs/kinodata_gpu_lilac/lib/python3.10/site-packages/pytorch_lightning/trainer/connectors/data_connector.py:224: PossibleUserWarning: The dataloader, train_dataloader, does not have many workers which may be a bottleneck. Consider increasing the value of the `num_workers` argument` (try 80 which is the number of cpus on this machine) in the `DataLoader` init to improve performance.
  rank_zero_warn(
Training: 0it [00:00, ?it/s]Training:   0%|          | 0/1023 [00:00<?, ?it/s]Epoch 0:   0%|          | 0/1023 [00:00<?, ?it/s] Traceback (most recent call last):
  File "/lila/data/chodera/lopezrir/kinodata-3D-affinity-prediction/kinodata/training/train.py", line 166, in <module>
    train(
  File "/lila/data/chodera/lopezrir/kinodata-3D-affinity-prediction/kinodata/training/train.py", line 126, in train
    trainer.fit(model, datamodule=data_module)
  File "/home/lopezrir/miniconda3/envs/kinodata_gpu_lilac/lib/python3.10/site-packages/pytorch_lightning/trainer/trainer.py", line 582, in fit
    call._call_and_handle_interrupt(
  File "/home/lopezrir/miniconda3/envs/kinodata_gpu_lilac/lib/python3.10/site-packages/pytorch_lightning/trainer/call.py", line 38, in _call_and_handle_interrupt
    return trainer_fn(*args, **kwargs)
  File "/home/lopezrir/miniconda3/envs/kinodata_gpu_lilac/lib/python3.10/site-packages/pytorch_lightning/trainer/trainer.py", line 624, in _fit_impl
    self._run(model, ckpt_path=self.ckpt_path)
  File "/home/lopezrir/miniconda3/envs/kinodata_gpu_lilac/lib/python3.10/site-packages/pytorch_lightning/trainer/trainer.py", line 1061, in _run
    results = self._run_stage()
  File "/home/lopezrir/miniconda3/envs/kinodata_gpu_lilac/lib/python3.10/site-packages/pytorch_lightning/trainer/trainer.py", line 1140, in _run_stage
    self._run_train()
  File "/home/lopezrir/miniconda3/envs/kinodata_gpu_lilac/lib/python3.10/site-packages/pytorch_lightning/trainer/trainer.py", line 1163, in _run_train
    self.fit_loop.run()
  File "/home/lopezrir/miniconda3/envs/kinodata_gpu_lilac/lib/python3.10/site-packages/pytorch_lightning/loops/loop.py", line 199, in run
    self.advance(*args, **kwargs)
  File "/home/lopezrir/miniconda3/envs/kinodata_gpu_lilac/lib/python3.10/site-packages/pytorch_lightning/loops/fit_loop.py", line 267, in advance
    self._outputs = self.epoch_loop.run(self._data_fetcher)
  File "/home/lopezrir/miniconda3/envs/kinodata_gpu_lilac/lib/python3.10/site-packages/pytorch_lightning/loops/loop.py", line 199, in run
    self.advance(*args, **kwargs)
  File "/home/lopezrir/miniconda3/envs/kinodata_gpu_lilac/lib/python3.10/site-packages/pytorch_lightning/loops/epoch/training_epoch_loop.py", line 214, in advance
    batch_output = self.batch_loop.run(kwargs)
  File "/home/lopezrir/miniconda3/envs/kinodata_gpu_lilac/lib/python3.10/site-packages/pytorch_lightning/loops/loop.py", line 199, in run
    self.advance(*args, **kwargs)
  File "/home/lopezrir/miniconda3/envs/kinodata_gpu_lilac/lib/python3.10/site-packages/pytorch_lightning/loops/batch/training_batch_loop.py", line 88, in advance
    outputs = self.optimizer_loop.run(optimizers, kwargs)
  File "/home/lopezrir/miniconda3/envs/kinodata_gpu_lilac/lib/python3.10/site-packages/pytorch_lightning/loops/loop.py", line 199, in run
    self.advance(*args, **kwargs)
  File "/home/lopezrir/miniconda3/envs/kinodata_gpu_lilac/lib/python3.10/site-packages/pytorch_lightning/loops/optimization/optimizer_loop.py", line 200, in advance
    result = self._run_optimization(kwargs, self._optimizers[self.optim_progress.optimizer_position])
  File "/home/lopezrir/miniconda3/envs/kinodata_gpu_lilac/lib/python3.10/site-packages/pytorch_lightning/loops/optimization/optimizer_loop.py", line 239, in _run_optimization
    closure()
  File "/home/lopezrir/miniconda3/envs/kinodata_gpu_lilac/lib/python3.10/site-packages/pytorch_lightning/loops/optimization/optimizer_loop.py", line 147, in __call__
    self._result = self.closure(*args, **kwargs)
  File "/home/lopezrir/miniconda3/envs/kinodata_gpu_lilac/lib/python3.10/site-packages/pytorch_lightning/loops/optimization/optimizer_loop.py", line 133, in closure
    step_output = self._step_fn()
  File "/home/lopezrir/miniconda3/envs/kinodata_gpu_lilac/lib/python3.10/site-packages/pytorch_lightning/loops/optimization/optimizer_loop.py", line 406, in _training_step
    training_step_output = self.trainer._call_strategy_hook("training_step", *kwargs.values())
  File "/home/lopezrir/miniconda3/envs/kinodata_gpu_lilac/lib/python3.10/site-packages/pytorch_lightning/trainer/trainer.py", line 1443, in _call_strategy_hook
    output = fn(*args, **kwargs)
  File "/home/lopezrir/miniconda3/envs/kinodata_gpu_lilac/lib/python3.10/site-packages/pytorch_lightning/strategies/strategy.py", line 378, in training_step
    return self.model.training_step(*args, **kwargs)
  File "/lila/data/chodera/lopezrir/kinodata-3D-affinity-prediction/kinodata/model/regression.py", line 191, in training_step
    pred_pose = self.forward(pose_batch) #something I am not sure about this forward prediction is which values is i taking into account, I have some nans
  File "/lila/data/chodera/lopezrir/kinodata-3D-affinity-prediction/kinodata/model/complex_transformer.py", line 236, in forward
    node_repr, edge_repr = sparse_attention_block(
  File "/home/lopezrir/miniconda3/envs/kinodata_gpu_lilac/lib/python3.10/site-packages/torch/nn/modules/module.py", line 1130, in _call_impl
    return forward_call(*input, **kwargs)
  File "/lila/data/chodera/lopezrir/kinodata-3D-affinity-prediction/kinodata/model/sparse_transformer.py", line 189, in forward
    x_, pair_logits = self.attention(x, x, edge_index[0], edge_index[1], edge_repr)
  File "/home/lopezrir/miniconda3/envs/kinodata_gpu_lilac/lib/python3.10/site-packages/torch/nn/modules/module.py", line 1130, in _call_impl
    return forward_call(*input, **kwargs)
  File "/lila/data/chodera/lopezrir/kinodata-3D-affinity-prediction/kinodata/model/sparse_transformer.py", line 113, in forward
    result = scatter_add(attention.unsqueeze(1) * value, query_index, 0)
  File "/home/lopezrir/miniconda3/envs/kinodata_gpu_lilac/lib/python3.10/site-packages/torch_scatter/scatter.py", line 29, in scatter_add
    return scatter_sum(src, index, dim, out, dim_size)
  File "/home/lopezrir/miniconda3/envs/kinodata_gpu_lilac/lib/python3.10/site-packages/torch_scatter/scatter.py", line 19, in scatter_sum
    size[dim] = int(index.max()) + 1
RuntimeError: CUDA out of memory. Tried to allocate 696.00 MiB (GPU 0; 23.64 GiB total capacity; 21.96 GiB already allocated; 412.50 MiB free; 22.52 GiB reserved in total by PyTorch) If reserved memory is >> allocated memory try setting max_split_size_mb to avoid fragmentation.  See documentation for Memory Management and PYTORCH_CUDA_ALLOC_CONF
Traceback (most recent call last):
  File "/lila/data/chodera/lopezrir/kinodata-3D-affinity-prediction/kinodata/training/train.py", line 166, in <module>
    train(
  File "/lila/data/chodera/lopezrir/kinodata-3D-affinity-prediction/kinodata/training/train.py", line 126, in train
    trainer.fit(model, datamodule=data_module)
  File "/home/lopezrir/miniconda3/envs/kinodata_gpu_lilac/lib/python3.10/site-packages/pytorch_lightning/trainer/trainer.py", line 582, in fit
    call._call_and_handle_interrupt(
  File "/home/lopezrir/miniconda3/envs/kinodata_gpu_lilac/lib/python3.10/site-packages/pytorch_lightning/trainer/call.py", line 38, in _call_and_handle_interrupt
    return trainer_fn(*args, **kwargs)
  File "/home/lopezrir/miniconda3/envs/kinodata_gpu_lilac/lib/python3.10/site-packages/pytorch_lightning/trainer/trainer.py", line 624, in _fit_impl
    self._run(model, ckpt_path=self.ckpt_path)
  File "/home/lopezrir/miniconda3/envs/kinodata_gpu_lilac/lib/python3.10/site-packages/pytorch_lightning/trainer/trainer.py", line 1061, in _run
    results = self._run_stage()
  File "/home/lopezrir/miniconda3/envs/kinodata_gpu_lilac/lib/python3.10/site-packages/pytorch_lightning/trainer/trainer.py", line 1140, in _run_stage
    self._run_train()
  File "/home/lopezrir/miniconda3/envs/kinodata_gpu_lilac/lib/python3.10/site-packages/pytorch_lightning/trainer/trainer.py", line 1163, in _run_train
    self.fit_loop.run()
  File "/home/lopezrir/miniconda3/envs/kinodata_gpu_lilac/lib/python3.10/site-packages/pytorch_lightning/loops/loop.py", line 199, in run
    self.advance(*args, **kwargs)
  File "/home/lopezrir/miniconda3/envs/kinodata_gpu_lilac/lib/python3.10/site-packages/pytorch_lightning/loops/fit_loop.py", line 267, in advance
    self._outputs = self.epoch_loop.run(self._data_fetcher)
  File "/home/lopezrir/miniconda3/envs/kinodata_gpu_lilac/lib/python3.10/site-packages/pytorch_lightning/loops/loop.py", line 199, in run
    self.advance(*args, **kwargs)
  File "/home/lopezrir/miniconda3/envs/kinodata_gpu_lilac/lib/python3.10/site-packages/pytorch_lightning/loops/epoch/training_epoch_loop.py", line 214, in advance
    batch_output = self.batch_loop.run(kwargs)
  File "/home/lopezrir/miniconda3/envs/kinodata_gpu_lilac/lib/python3.10/site-packages/pytorch_lightning/loops/loop.py", line 199, in run
    self.advance(*args, **kwargs)
  File "/home/lopezrir/miniconda3/envs/kinodata_gpu_lilac/lib/python3.10/site-packages/pytorch_lightning/loops/batch/training_batch_loop.py", line 88, in advance
    outputs = self.optimizer_loop.run(optimizers, kwargs)
  File "/home/lopezrir/miniconda3/envs/kinodata_gpu_lilac/lib/python3.10/site-packages/pytorch_lightning/loops/loop.py", line 199, in run
    self.advance(*args, **kwargs)
  File "/home/lopezrir/miniconda3/envs/kinodata_gpu_lilac/lib/python3.10/site-packages/pytorch_lightning/loops/optimization/optimizer_loop.py", line 200, in advance
    result = self._run_optimization(kwargs, self._optimizers[self.optim_progress.optimizer_position])
  File "/home/lopezrir/miniconda3/envs/kinodata_gpu_lilac/lib/python3.10/site-packages/pytorch_lightning/loops/optimization/optimizer_loop.py", line 239, in _run_optimization
    closure()
  File "/home/lopezrir/miniconda3/envs/kinodata_gpu_lilac/lib/python3.10/site-packages/pytorch_lightning/loops/optimization/optimizer_loop.py", line 147, in __call__
    self._result = self.closure(*args, **kwargs)
  File "/home/lopezrir/miniconda3/envs/kinodata_gpu_lilac/lib/python3.10/site-packages/pytorch_lightning/loops/optimization/optimizer_loop.py", line 133, in closure
    step_output = self._step_fn()
  File "/home/lopezrir/miniconda3/envs/kinodata_gpu_lilac/lib/python3.10/site-packages/pytorch_lightning/loops/optimization/optimizer_loop.py", line 406, in _training_step
    training_step_output = self.trainer._call_strategy_hook("training_step", *kwargs.values())
  File "/home/lopezrir/miniconda3/envs/kinodata_gpu_lilac/lib/python3.10/site-packages/pytorch_lightning/trainer/trainer.py", line 1443, in _call_strategy_hook
    output = fn(*args, **kwargs)
  File "/home/lopezrir/miniconda3/envs/kinodata_gpu_lilac/lib/python3.10/site-packages/pytorch_lightning/strategies/strategy.py", line 378, in training_step
    return self.model.training_step(*args, **kwargs)
  File "/lila/data/chodera/lopezrir/kinodata-3D-affinity-prediction/kinodata/model/regression.py", line 191, in training_step
    pred_pose = self.forward(pose_batch) #something I am not sure about this forward prediction is which values is i taking into account, I have some nans
  File "/lila/data/chodera/lopezrir/kinodata-3D-affinity-prediction/kinodata/model/complex_transformer.py", line 236, in forward
    node_repr, edge_repr = sparse_attention_block(
  File "/home/lopezrir/miniconda3/envs/kinodata_gpu_lilac/lib/python3.10/site-packages/torch/nn/modules/module.py", line 1130, in _call_impl
    return forward_call(*input, **kwargs)
  File "/lila/data/chodera/lopezrir/kinodata-3D-affinity-prediction/kinodata/model/sparse_transformer.py", line 189, in forward
    x_, pair_logits = self.attention(x, x, edge_index[0], edge_index[1], edge_repr)
  File "/home/lopezrir/miniconda3/envs/kinodata_gpu_lilac/lib/python3.10/site-packages/torch/nn/modules/module.py", line 1130, in _call_impl
    return forward_call(*input, **kwargs)
  File "/lila/data/chodera/lopezrir/kinodata-3D-affinity-prediction/kinodata/model/sparse_transformer.py", line 113, in forward
    result = scatter_add(attention.unsqueeze(1) * value, query_index, 0)
  File "/home/lopezrir/miniconda3/envs/kinodata_gpu_lilac/lib/python3.10/site-packages/torch_scatter/scatter.py", line 29, in scatter_add
    return scatter_sum(src, index, dim, out, dim_size)
  File "/home/lopezrir/miniconda3/envs/kinodata_gpu_lilac/lib/python3.10/site-packages/torch_scatter/scatter.py", line 19, in scatter_sum
    size[dim] = int(index.max()) + 1
RuntimeError: CUDA out of memory. Tried to allocate 696.00 MiB (GPU 0; 23.64 GiB total capacity; 21.96 GiB already allocated; 412.50 MiB free; 22.52 GiB reserved in total by PyTorch) If reserved memory is >> allocated memory try setting max_split_size_mb to avoid fragmentation.  See documentation for Memory Management and PYTORCH_CUDA_ALLOC_CONF
wandb: Waiting for W&B process to finish... (failed 1). Press Control-C to abort syncing.
wandb: - 0.009 MB of 0.009 MB uploaded (0.000 MB deduped)wandb: \ 0.009 MB of 0.009 MB uploaded (0.000 MB deduped)wandb: | 0.009 MB of 0.009 MB uploaded (0.000 MB deduped)wandb: / 0.009 MB of 0.009 MB uploaded (0.000 MB deduped)wandb: 
wandb: Run history:
wandb:             lr-Adam ▁
wandb: trainer/global_step ▁
wandb: 
wandb: Run summary:
wandb:             lr-Adam 0.0003
wandb: trainer/global_step 0
wandb: 
wandb: 🚀 View run short_run_rmsd10_sigmoid_1.5_2_check_cros_entropy at: https://wandb.ai/nextaids/kinodata_extended/runs/qbxw8x7z
wandb: Synced 6 W&B file(s), 0 media file(s), 0 artifact file(s) and 0 other file(s)
wandb: Find logs at: ./wandb/run-20241030_102915-qbxw8x7z/logs
